[?2026h[?25l[1Gpulling manifest ⠋ [K[?25h[?2026l[?2026h[?25l[1Gpulling manifest ⠙ [K[?25h[?2026l[?2026h[?25l[1Gpulling manifest ⠸ [K[?25h[?2026l[?2026h[?25l[1Gpulling manifest ⠸ [K[?25h[?2026l[?2026h[?25l[1Gpulling manifest ⠼ [K[?25h[?2026l[?2026h[?25l[1Gpulling manifest ⠴ [K[?25h[?2026l[?2026h[?25l[1Gpulling manifest ⠧ [K[?25h[?2026l[?2026h[?25l[1Gpulling manifest ⠧ [K[?25h[?2026l[?2026h[?25l[1Gpulling manifest ⠏ [K[?25h[?2026l[?2026h[?25l[1Gpulling manifest ⠏ [K[?25h[?2026l[?2026h[?25l[1Gpulling manifest ⠙ [K[?25h[?2026l[?2026h[?25l[1Gpulling manifest ⠙ [K[?25h[?2026l[?2026h[?25l[1Gpulling manifest ⠸ [K[?25h[?2026l[?2026h[?25l[1Gpulling manifest ⠸ [K[?25h[?2026l[?2026h[?25l[1Gpulling manifest ⠼ [K[?25h[?2026l[?2026h[?25l[1Gpulling manifest ⠦ [K[?25h[?2026l[?2026h[?25l[1Gpulling manifest ⠦ [K[?25h[?2026l[?2026h[?25l[1Gpulling manifest ⠇ [K[?25h[?2026l[?2026h[?25l[1Gpulling manifest ⠏ [K[?25h[?2026l[?2026h[?25l[1Gpulling manifest ⠏ [K[?25h[?2026l[?2026h[?25l[1Gpulling manifest ⠋ [K[?25h[?2026l[?2026h[?25l[1Gpulling manifest ⠹ [K[?25h[?2026l[?2026h[?25l[1Gpulling manifest ⠹ [K[?25h[?2026l[?2026h[?25l[1Gpulling manifest ⠸ [K[?25h[?2026l[?2026h[?25l[1Gpulling manifest ⠼ [K[?25h[?2026l[?2026h[?25l[1Gpulling manifest ⠴ [K[?25h[?2026l[?2026h[?25l[1Gpulling manifest ⠧ [K[?25h[?2026l[?2026h[?25l[1Gpulling manifest ⠧ [K[?25h[?2026l[?2026h[?25l[1Gpulling manifest [K
pulling daec91ffb5dd:   0% ▕                  ▏ 759 KB/1.2 GB                  [K[?25h[?2026l[?2026h[?25l[A[1Gpulling manifest [K
pulling daec91ffb5dd:   0% ▕                  ▏ 5.2 MB/1.2 GB                  [K[?25h[?2026l[?2026h[?25l[A[1Gpulling manifest [K
pulling daec91ffb5dd:   1% ▕                  ▏  10 MB/1.2 GB                  [K[?25h[?2026l[?2026h[?25l[A[1Gpulling manifest [K
pulling daec91ffb5dd:   1% ▕                  ▏  13 MB/1.2 GB                  [K[?25h[?2026l[?2026h[?25l[A[1Gpulling manifest [K
pulling daec91ffb5dd:   2% ▕                  ▏  18 MB/1.2 GB                  [K[?25h[?2026l[?2026h[?25l[A[1Gpulling manifest [K
pulling daec91ffb5dd:   2% ▕                  ▏  20 MB/1.2 GB                  [K[?25h[?2026l[?2026h[?25l[A[1Gpulling manifest [K
pulling daec91ffb5dd:   5% ▕                  ▏  52 MB/1.2 GB                  [K[?25h[?2026l[?2026h[?25l[A[1Gpulling manifest [K
pulling daec91ffb5dd:   5% ▕                  ▏  56 MB/1.2 GB                  [K[?25h[?2026l[?2026h[?25l[A[1Gpulling manifest [K
pulling daec91ffb5dd:   5% ▕                  ▏  58 MB/1.2 GB                  [K[?25h[?2026l[?2026h[?25l[A[1Gpulling manifest [K
pulling daec91ffb5dd:   6% ▕█                 ▏  66 MB/1.2 GB                  [K[?25h[?2026l[?2026h[?25l[A[1Gpulling manifest [K
pulling daec91ffb5dd:   7% ▕█                 ▏  79 MB/1.2 GB   78 MB/s     13s[K[?25h[?2026l[?2026h[?25l[A[1Gpulling manifest [K
pulling daec91ffb5dd:   8% ▕█                 ▏  87 MB/1.2 GB   78 MB/s     13s[K[?25h[?2026l[?2026h[?25l[A[1Gpulling manifest [K
pulling daec91ffb5dd:   9% ▕█                 ▏ 100 MB/1.2 GB   78 MB/s     13s[K[?25h[?2026l[?2026h[?25l[A[1Gpulling manifest [K
pulling daec91ffb5dd:  10% ▕█                 ▏ 119 MB/1.2 GB   78 MB/s     13s[K[?25h[?2026l[?2026h[?25l[A[1Gpulling manifest [K
pulling daec91ffb5dd:  11% ▕█                 ▏ 128 MB/1.2 GB   78 MB/s     13s[K[?25h[?2026l[?2026h[?25l[A[1Gpulling manifest [K
pulling daec91ffb5dd:  12% ▕██                ▏ 142 MB/1.2 GB   78 MB/s     12s[K[?25h[?2026l[?2026h[?25l[A[1Gpulling manifest [K
pulling daec91ffb5dd:  14% ▕██                ▏ 156 MB/1.2 GB   78 MB/s     12s[K[?25h[?2026l[?2026h[?25l[A[1Gpulling manifest [K
pulling daec91ffb5dd:  14% ▕██                ▏ 163 MB/1.2 GB   78 MB/s     12s[K[?25h[?2026l[?2026h[?25l[A[1Gpulling manifest [K
pulling daec91ffb5dd:  15% ▕██                ▏ 176 MB/1.2 GB   78 MB/s     12s[K[?25h[?2026l[?2026h[?25l[A[1Gpulling manifest [K
pulling daec91ffb5dd:  17% ▕██                ▏ 192 MB/1.2 GB   78 MB/s     12s[K[?25h[?2026l[?2026h[?25l[A[1Gpulling manifest [K
pulling daec91ffb5dd:  17% ▕███               ▏ 197 MB/1.2 GB   78 MB/s     12s[K[?25h[?2026l[?2026h[?25l[A[1Gpulling manifest [K
pulling daec91ffb5dd:  18% ▕███               ▏ 210 MB/1.2 GB  101 MB/s      9s[K[?25h[?2026l[?2026h[?25l[A[1Gpulling manifest [K
pulling daec91ffb5dd:  19% ▕███               ▏ 222 MB/1.2 GB  101 MB/s      9s[K[?25h[?2026l[?2026h[?25l[A[1Gpulling manifest [K
pulling daec91ffb5dd:  20% ▕███               ▏ 231 MB/1.2 GB  101 MB/s      9s[K[?25h[?2026l[?2026h[?25l[A[1Gpulling manifest [K
pulling daec91ffb5dd:  21% ▕███               ▏ 244 MB/1.2 GB  101 MB/s      9s[K[?25h[?2026l[?2026h[?25l[A[1Gpulling manifest [K
pulling daec91ffb5dd:  22% ▕███               ▏ 255 MB/1.2 GB  101 MB/s      8s[K[?25h[?2026l[?2026h[?25l[A[1Gpulling manifest [K
pulling daec91ffb5dd:  23% ▕████              ▏ 266 MB/1.2 GB  101 MB/s      8s[K[?25h[?2026l[?2026h[?25l[A[1Gpulling manifest [K
pulling daec91ffb5dd:  24% ▕████              ▏ 277 MB/1.2 GB  101 MB/s      8s[K[?25h[?2026l[?2026h[?25l[A[1Gpulling manifest [K
pulling daec91ffb5dd:  25% ▕████              ▏ 291 MB/1.2 GB  101 MB/s      8s[K[?25h[?2026l[?2026h[?25l[A[1Gpulling manifest [K
pulling daec91ffb5dd:  26% ▕████              ▏ 296 MB/1.2 GB  101 MB/s      8s[K[?25h[?2026l[?2026h[?25l[A[1Gpulling manifest [K
pulling daec91ffb5dd:  27% ▕████              ▏ 311 MB/1.2 GB  101 MB/s      8s[K[?25h[?2026l[?2026h[?25l[A[1Gpulling manifest [K
pulling daec91ffb5dd:  28% ▕█████             ▏ 326 MB/1.2 GB  106 MB/s      7s[K[?25h[?2026l[?2026h[?25l[A[1Gpulling manifest [K
pulling daec91ffb5dd:  29% ▕█████             ▏ 330 MB/1.2 GB  106 MB/s      7s[K[?25h[?2026l[?2026h[?25l[A[1Gpulling manifest [K
pulling daec91ffb5dd:  30% ▕█████             ▏ 345 MB/1.2 GB  106 MB/s      7s[K[?25h[?2026l[?2026h[?25l[A[1Gpulling manifest [K
pulling daec91ffb5dd:  31% ▕█████             ▏ 358 MB/1.2 GB  106 MB/s      7s[K[?25h[?2026l[?2026h[?25l[A[1Gpulling manifest [K
pulling daec91ffb5dd:  31% ▕█████             ▏ 364 MB/1.2 GB  106 MB/s      7s[K[?25h[?2026l[?2026h[?25l[A[1Gpulling manifest [K
pulling daec91ffb5dd:  33% ▕█████             ▏ 376 MB/1.2 GB  106 MB/s      7s[K[?25h[?2026l[?2026h[?25l[A[1Gpulling manifest [K
pulling daec91ffb5dd:  34% ▕██████            ▏ 391 MB/1.2 GB  106 MB/s      7s[K[?25h[?2026l[?2026h[?25l[A[1Gpulling manifest [K
pulling daec91ffb5dd:  34% ▕██████            ▏ 397 MB/1.2 GB  106 MB/s      7s[K[?25h[?2026l[?2026h[?25l[A[1Gpulling manifest [K
pulling daec91ffb5dd:  36% ▕██████            ▏ 414 MB/1.2 GB  106 MB/s      6s[K[?25h[?2026l[?2026h[?25l[A[1Gpulling manifest [K
pulling daec91ffb5dd:  37% ▕██████            ▏ 427 MB/1.2 GB  106 MB/s      6s[K[?25h[?2026l[?2026h[?25l[A[1Gpulling manifest [K
pulling daec91ffb5dd:  37% ▕██████            ▏ 431 MB/1.2 GB  107 MB/s      6s[K[?25h[?2026l[?2026h[?25l[A[1Gpulling manifest [K
pulling daec91ffb5dd:  38% ▕██████            ▏ 445 MB/1.2 GB  107 MB/s      6s[K[?25h[?2026l[?2026h[?25l[A[1Gpulling manifest [K
pulling daec91ffb5dd:  40% ▕███████           ▏ 461 MB/1.2 GB  107 MB/s      6s[K[?25h[?2026l[?2026h[?25l[A[1Gpulling manifest [K
pulling daec91ffb5dd:  40% ▕███████           ▏ 466 MB/1.2 GB  107 MB/s      6s[K[?25h[?2026l[?2026h[?25l[A[1Gpulling manifest [K
pulling daec91ffb5dd:  42% ▕███████           ▏ 480 MB/1.2 GB  107 MB/s      6s[K[?25h[?2026l[?2026h[?25l[A[1Gpulling manifest [K
pulling daec91ffb5dd:  43% ▕███████           ▏ 493 MB/1.2 GB  107 MB/s      6s[K[?25h[?2026l[?2026h[?25l[A[1Gpulling manifest [K
pulling daec91ffb5dd:  43% ▕███████           ▏ 500 MB/1.2 GB  107 MB/s      6s[K[?25h[?2026l[?2026h[?25l[A[1Gpulling manifest [K
pulling daec91ffb5dd:  44% ▕███████           ▏ 512 MB/1.2 GB  107 MB/s      5s[K[?25h[?2026l[?2026h[?25l[A[1Gpulling manifest [K
pulling daec91ffb5dd:  45% ▕████████          ▏ 526 MB/1.2 GB  107 MB/s      5s[K[?25h[?2026l[?2026h[?25l[A[1Gpulling manifest [K
pulling daec91ffb5dd:  46% ▕████████          ▏ 531 MB/1.2 GB  107 MB/s      5s[K[?25h[?2026l[?2026h[?25l[A[1Gpulling manifest [K
pulling daec91ffb5dd:  47% ▕████████          ▏ 548 MB/1.2 GB  109 MB/s      5s[K[?25h[?2026l[?2026h[?25l[A[1Gpulling manifest [K
pulling daec91ffb5dd:  49% ▕████████          ▏ 566 MB/1.2 GB  109 MB/s      5s[K[?25h[?2026l[?2026h[?25l[A[1Gpulling manifest [K
pulling daec91ffb5dd:  49% ▕████████          ▏ 571 MB/1.2 GB  109 MB/s      5s[K[?25h[?2026l[?2026h[?25l[A[1Gpulling manifest [K
pulling daec91ffb5dd:  51% ▕█████████         ▏ 594 MB/1.2 GB  109 MB/s      5s[K[?25h[?2026l[?2026h[?25l[A[1Gpulling manifest [K
pulling daec91ffb5dd:  53% ▕█████████         ▏ 608 MB/1.2 GB  109 MB/s      5s[K[?25h[?2026l[?2026h[?25l[A[1Gpulling manifest [K
pulling daec91ffb5dd:  53% ▕█████████         ▏ 614 MB/1.2 GB  109 MB/s      4s[K[?25h[?2026l[?2026h[?25l[A[1Gpulling manifest [K
pulling daec91ffb5dd:  54% ▕█████████         ▏ 622 MB/1.2 GB  109 MB/s      4s[K[?25h[?2026l[?2026h[?25l[A[1Gpulling manifest [K
pulling daec91ffb5dd:  55% ▕█████████         ▏ 634 MB/1.2 GB  109 MB/s      4s[K[?25h[?2026l[?2026h[?25l[A[1Gpulling manifest [K
pulling daec91ffb5dd:  55% ▕█████████         ▏ 642 MB/1.2 GB  109 MB/s      4s[K[?25h[?2026l[?2026h[?25l[A[1Gpulling manifest [K
pulling daec91ffb5dd:  56% ▕██████████        ▏ 651 MB/1.2 GB  109 MB/s      4s[K[?25h[?2026l[?2026h[?25l[A[1Gpulling manifest [K
pulling daec91ffb5dd:  57% ▕██████████        ▏ 660 MB/1.2 GB  109 MB/s      4s[K[?25h[?2026l[?2026h[?25l[A[1Gpulling manifest [K
pulling daec91ffb5dd:  58% ▕██████████        ▏ 667 MB/1.2 GB  109 MB/s      4s[K[?25h[?2026l[?2026h[?25l[A[1Gpulling manifest [K
pulling daec91ffb5dd:  60% ▕██████████        ▏ 695 MB/1.2 GB  109 MB/s      4s[K[?25h[?2026l[?2026h[?25l[A[1Gpulling manifest [K
pulling daec91ffb5dd:  61% ▕███████████       ▏ 709 MB/1.2 GB  109 MB/s      4s[K[?25h[?2026l[?2026h[?25l[A[1Gpulling manifest [K
pulling daec91ffb5dd:  62% ▕███████████       ▏ 714 MB/1.2 GB  109 MB/s      4s[K[?25h[?2026l[?2026h[?25l[A[1Gpulling manifest [K
pulling daec91ffb5dd:  62% ▕███████████       ▏ 720 MB/1.2 GB  109 MB/s      3s[K[?25h[?2026l[?2026h[?25l[A[1Gpulling manifest [K
pulling daec91ffb5dd:  63% ▕███████████       ▏ 732 MB/1.2 GB  109 MB/s      3s[K[?25h[?2026l[?2026h[?25l[A[1Gpulling manifest [K
pulling daec91ffb5dd:  64% ▕███████████       ▏ 741 MB/1.2 GB  109 MB/s      3s[K[?25h[?2026l[?2026h[?25l[A[1Gpulling manifest [K
pulling daec91ffb5dd:  65% ▕███████████       ▏ 750 MB/1.2 GB  109 MB/s      3s[K[?25h[?2026l[?2026h[?25l[A[1Gpulling manifest [K
pulling daec91ffb5dd:  66% ▕███████████       ▏ 759 MB/1.2 GB  109 MB/s      3s[K[?25h[?2026l[?2026h[?25l[A[1Gpulling manifest [K
pulling daec91ffb5dd:  66% ▕███████████       ▏ 766 MB/1.2 GB  109 MB/s      3s[K[?25h[?2026l[?2026h[?25l[A[1Gpulling manifest [K
pulling daec91ffb5dd:  67% ▕████████████      ▏ 780 MB/1.2 GB  110 MB/s      3s[K[?25h[?2026l[?2026h[?25l[A[1Gpulling manifest [K
pulling daec91ffb5dd:  69% ▕████████████      ▏ 794 MB/1.2 GB  110 MB/s      3s[K[?25h[?2026l[?2026h[?25l[A[1Gpulling manifest [K
pulling daec91ffb5dd:  69% ▕████████████      ▏ 803 MB/1.2 GB  110 MB/s      3s[K[?25h[?2026l[?2026h[?25l[A[1Gpulling manifest [K
pulling daec91ffb5dd:  70% ▕████████████      ▏ 814 MB/1.2 GB  110 MB/s      3s[K[?25h[?2026l[?2026h[?25l[A[1Gpulling manifest [K
pulling daec91ffb5dd:  72% ▕████████████      ▏ 828 MB/1.2 GB  110 MB/s      2s[K[?25h[?2026l[?2026h[?25l[A[1Gpulling manifest [K
pulling daec91ffb5dd:  72% ▕████████████      ▏ 832 MB/1.2 GB  110 MB/s      2s[K[?25h[?2026l[?2026h[?25l[A[1Gpulling manifest [K
pulling daec91ffb5dd:  74% ▕█████████████     ▏ 861 MB/1.2 GB  110 MB/s      2s[K[?25h[?2026l[?2026h[?25l[A[1Gpulling manifest [K
pulling daec91ffb5dd:  75% ▕█████████████     ▏ 873 MB/1.2 GB  110 MB/s      2s[K[?25h[?2026l[?2026h[?25l[A[1Gpulling manifest [K
pulling daec91ffb5dd:  76% ▕█████████████     ▏ 883 MB/1.2 GB  110 MB/s      2s[K[?25h[?2026l[?2026h[?25l[A[1Gpulling manifest [K
pulling daec91ffb5dd:  77% ▕█████████████     ▏ 896 MB/1.2 GB  110 MB/s      2s[K[?25h[?2026l[?2026h[?25l[A[1Gpulling manifest [K
pulling daec91ffb5dd:  78% ▕██████████████    ▏ 904 MB/1.2 GB  112 MB/s      2s[K[?25h[?2026l[?2026h[?25l[A[1Gpulling manifest [K
pulling daec91ffb5dd:  79% ▕██████████████    ▏ 916 MB/1.2 GB  112 MB/s      2s[K[?25h[?2026l[?2026h[?25l[A[1Gpulling manifest [K
pulling daec91ffb5dd:  80% ▕██████████████    ▏ 922 MB/1.2 GB  112 MB/s      2s[K[?25h[?2026l[?2026h[?25l[A[1Gpulling manifest [K
pulling daec91ffb5dd:  81% ▕██████████████    ▏ 932 MB/1.2 GB  112 MB/s      2s[K[?25h[?2026l[?2026h[?25l[A[1Gpulling manifest [K
pulling daec91ffb5dd:  81% ▕██████████████    ▏ 943 MB/1.2 GB  112 MB/s      1s[K[?25h[?2026l[?2026h[?25l[A[1Gpulling manifest [K
pulling daec91ffb5dd:  83% ▕██████████████    ▏ 955 MB/1.2 GB  112 MB/s      1s[K[?25h[?2026l[?2026h[?25l[A[1Gpulling manifest [K
pulling daec91ffb5dd:  83% ▕██████████████    ▏ 961 MB/1.2 GB  112 MB/s      1s[K[?25h[?2026l[?2026h[?25l[A[1Gpulling manifest [K
pulling daec91ffb5dd:  84% ▕███████████████   ▏ 968 MB/1.2 GB  112 MB/s      1s[K[?25h[?2026l[?2026h[?25l[A[1Gpulling manifest [K
pulling daec91ffb5dd:  85% ▕███████████████   ▏ 986 MB/1.2 GB  112 MB/s      1s[K[?25h[?2026l[?2026h[?25l[A[1Gpulling manifest [K
pulling daec91ffb5dd:  86% ▕███████████████   ▏ 998 MB/1.2 GB  112 MB/s      1s[K[?25h[?2026l[?2026h[?25l[A[1Gpulling manifest [K
pulling daec91ffb5dd:  87% ▕███████████████   ▏ 1.0 GB/1.2 GB  111 MB/s      1s[K[?25h[?2026l[?2026h[?25l[A[1Gpulling manifest [K
pulling daec91ffb5dd:  88% ▕███████████████   ▏ 1.0 GB/1.2 GB  111 MB/s      1s[K[?25h[?2026l[?2026h[?25l[A[1Gpulling manifest [K
pulling daec91ffb5dd:  89% ▕████████████████  ▏ 1.0 GB/1.2 GB  111 MB/s      1s[K[?25h[?2026l[?2026h[?25l[A[1Gpulling manifest [K
pulling daec91ffb5dd:  90% ▕████████████████  ▏ 1.0 GB/1.2 GB  111 MB/s      1s[K[?25h[?2026l[?2026h[?25l[A[1Gpulling manifest [K
pulling daec91ffb5dd:  92% ▕████████████████  ▏ 1.1 GB/1.2 GB  111 MB/s      0s[K[?25h[?2026l[?2026h[?25l[A[1Gpulling manifest [K
pulling daec91ffb5dd:  93% ▕████████████████  ▏ 1.1 GB/1.2 GB  111 MB/s      0s[K[?25h[?2026l[?2026h[?25l[A[1Gpulling manifest [K
pulling daec91ffb5dd:  93% ▕████████████████  ▏ 1.1 GB/1.2 GB  111 MB/s      0s[K[?25h[?2026l[?2026h[?25l[A[1Gpulling manifest [K
pulling daec91ffb5dd:  94% ▕████████████████  ▏ 1.1 GB/1.2 GB  111 MB/s      0s[K[?25h[?2026l[?2026h[?25l[A[1Gpulling manifest [K
pulling daec91ffb5dd:  95% ▕█████████████████ ▏ 1.1 GB/1.2 GB  111 MB/s      0s[K[?25h[?2026l[?2026h[?25l[A[1Gpulling manifest [K
pulling daec91ffb5dd:  96% ▕█████████████████ ▏ 1.1 GB/1.2 GB  111 MB/s      0s[K[?25h[?2026l[?2026h[?25l[A[1Gpulling manifest [K
pulling daec91ffb5dd:  97% ▕█████████████████ ▏ 1.1 GB/1.2 GB  115 MB/s      0s[K[?25h[?2026l[?2026h[?25l[A[1Gpulling manifest [K
pulling daec91ffb5dd:  97% ▕█████████████████ ▏ 1.1 GB/1.2 GB  115 MB/s      0s[K[?25h[?2026l[?2026h[?25l[A[1Gpulling manifest [K
pulling daec91ffb5dd:  97% ▕█████████████████ ▏ 1.1 GB/1.2 GB  115 MB/s      0s[K[?25h[?2026l[?2026h[?25l[A[1Gpulling manifest [K
pulling daec91ffb5dd:  98% ▕█████████████████ ▏ 1.1 GB/1.2 GB  115 MB/s      0s[K[?25h[?2026l[?2026h[?25l[A[1Gpulling manifest [K
pulling daec91ffb5dd:  99% ▕█████████████████ ▏ 1.1 GB/1.2 GB  115 MB/s      0s[K[?25h[?2026l[?2026h[?25l[A[1Gpulling manifest [K
pulling daec91ffb5dd:  99% ▕█████████████████ ▏ 1.1 GB/1.2 GB  115 MB/s      0s[K[?25h[?2026l[?2026h[?25l[A[1Gpulling manifest [K
pulling daec91ffb5dd:  99% ▕█████████████████ ▏ 1.1 GB/1.2 GB  115 MB/s      0s[K[?25h[?2026l[?2026h[?25l[A[1Gpulling manifest [K
pulling daec91ffb5dd: 100% ▕█████████████████ ▏ 1.2 GB/1.2 GB  115 MB/s      0s[K[?25h[?2026l[?2026h[?25l[A[1Gpulling manifest [K
pulling daec91ffb5dd: 100% ▕█████████████████ ▏ 1.2 GB/1.2 GB  115 MB/s      0s[K[?25h[?2026l[?2026h[?25l[A[1Gpulling manifest [K
pulling daec91ffb5dd: 100% ▕██████████████████▏ 1.2 GB                         [K[?25h[?2026l[?2026h[?25l[A[1Gpulling manifest [K
pulling daec91ffb5dd: 100% ▕██████████████████▏ 1.2 GB                         [K[?25h[?2026l[?2026h[?25l[A[1Gpulling manifest [K
pulling daec91ffb5dd: 100% ▕██████████████████▏ 1.2 GB                         [K[?25h[?2026l[?2026h[?25l[A[1Gpulling manifest [K
pulling daec91ffb5dd: 100% ▕██████████████████▏ 1.2 GB                         [K[?25h[?2026l[?2026h[?25l[A[1Gpulling manifest [K
pulling daec91ffb5dd: 100% ▕██████████████████▏ 1.2 GB                         [K[?25h[?2026l[?2026h[?25l[A[1Gpulling manifest [K
pulling daec91ffb5dd: 100% ▕██████████████████▏ 1.2 GB                         [K[?25h[?2026l[?2026h[?25l[A[1Gpulling manifest [K
pulling daec91ffb5dd: 100% ▕██████████████████▏ 1.2 GB                         [K[?25h[?2026l[?2026h[?25l[A[1Gpulling manifest [K
pulling daec91ffb5dd: 100% ▕██████████████████▏ 1.2 GB                         [K[?25h[?2026l[?2026h[?25l[A[1Gpulling manifest [K
pulling daec91ffb5dd: 100% ▕██████████████████▏ 1.2 GB                         [K[?25h[?2026l[?2026h[?25l[A[1Gpulling manifest [K
pulling daec91ffb5dd: 100% ▕██████████████████▏ 1.2 GB                         [K[?25h[?2026l[?2026h[?25l[A[1Gpulling manifest [K
pulling daec91ffb5dd: 100% ▕██████████████████▏ 1.2 GB                         [K
pulling a406579cd136: 100% ▕██████████████████▏ 1.1 KB                         [K[?25h[?2026l[?2026h[?25l[A[A[1Gpulling manifest [K
pulling daec91ffb5dd: 100% ▕██████████████████▏ 1.2 GB                         [K
pulling a406579cd136: 100% ▕██████████████████▏ 1.1 KB                         [K[?25h[?2026l[?2026h[?25l[A[A[1Gpulling manifest [K
pulling daec91ffb5dd: 100% ▕██████████████████▏ 1.2 GB                         [K
pulling a406579cd136: 100% ▕██████████████████▏ 1.1 KB                         [K[?25h[?2026l[?2026h[?25l[A[A[1Gpulling manifest [K
pulling daec91ffb5dd: 100% ▕██████████████████▏ 1.2 GB                         [K
pulling a406579cd136: 100% ▕██████████████████▏ 1.1 KB                         [K[?25h[?2026l[?2026h[?25l[A[A[1Gpulling manifest [K
pulling daec91ffb5dd: 100% ▕██████████████████▏ 1.2 GB                         [K
pulling a406579cd136: 100% ▕██████████████████▏ 1.1 KB                         [K[?25h[?2026l[?2026h[?25l[A[A[1Gpulling manifest [K
pulling daec91ffb5dd: 100% ▕██████████████████▏ 1.2 GB                         [K
pulling a406579cd136: 100% ▕██████████████████▏ 1.1 KB                         [K[?25h[?2026l[?2026h[?25l[A[A[1Gpulling manifest [K
pulling daec91ffb5dd: 100% ▕██████████████████▏ 1.2 GB                         [K
pulling a406579cd136: 100% ▕██████████████████▏ 1.1 KB                         [K[?25h[?2026l[?2026h[?25l[A[A[1Gpulling manifest [K
pulling daec91ffb5dd: 100% ▕██████████████████▏ 1.2 GB                         [K
pulling a406579cd136: 100% ▕██████████████████▏ 1.1 KB                         [K[?25h[?2026l[?2026h[?25l[A[A[1Gpulling manifest [K
pulling daec91ffb5dd: 100% ▕██████████████████▏ 1.2 GB                         [K
pulling a406579cd136: 100% ▕██████████████████▏ 1.1 KB                         [K[?25h[?2026l[?2026h[?25l[A[A[1Gpulling manifest [K
pulling daec91ffb5dd: 100% ▕██████████████████▏ 1.2 GB                         [K
pulling a406579cd136: 100% ▕██████████████████▏ 1.1 KB                         [K[?25h[?2026l[?2026h[?25l[A[A[1Gpulling manifest [K
pulling daec91ffb5dd: 100% ▕██████████████████▏ 1.2 GB                         [K
pulling a406579cd136: 100% ▕██████████████████▏ 1.1 KB                         [K[?25h[?2026l[?2026h[?25l[A[A[1Gpulling manifest [K
pulling daec91ffb5dd: 100% ▕██████████████████▏ 1.2 GB                         [K
pulling a406579cd136: 100% ▕██████████████████▏ 1.1 KB                         [K[?25h[?2026l[?2026h[?25l[A[A[1Gpulling manifest [K
pulling daec91ffb5dd: 100% ▕██████████████████▏ 1.2 GB                         [K
pulling a406579cd136: 100% ▕██████████████████▏ 1.1 KB                         [K[?25h[?2026l[?2026h[?25l[A[A[1Gpulling manifest [K
pulling daec91ffb5dd: 100% ▕██████████████████▏ 1.2 GB                         [K
pulling a406579cd136: 100% ▕██████████████████▏ 1.1 KB                         [K[?25h[?2026l[?2026h[?25l[A[A[1Gpulling manifest [K
pulling daec91ffb5dd: 100% ▕██████████████████▏ 1.2 GB                         [K
pulling a406579cd136: 100% ▕██████████████████▏ 1.1 KB                         [K[?25h[?2026l[?2026h[?25l[A[A[1Gpulling manifest [K
pulling daec91ffb5dd: 100% ▕██████████████████▏ 1.2 GB                         [K
pulling a406579cd136: 100% ▕██████████████████▏ 1.1 KB                         [K[?25h[?2026l[?2026h[?25l[A[A[1Gpulling manifest [K
pulling daec91ffb5dd: 100% ▕██████████████████▏ 1.2 GB                         [K
pulling a406579cd136: 100% ▕██████████████████▏ 1.1 KB                         [K
pulling 0c4c9c2a325f: 100% ▕██████████████████▏  337 B                         [K[?25h[?2026l[?2026h[?25l[A[A[A[1Gpulling manifest [K
pulling daec91ffb5dd: 100% ▕██████████████████▏ 1.2 GB                         [K
pulling a406579cd136: 100% ▕██████████████████▏ 1.1 KB                         [K
pulling 0c4c9c2a325f: 100% ▕██████████████████▏  337 B                         [K[?25h[?2026l[?2026h[?25l[A[A[A[1Gpulling manifest [K
pulling daec91ffb5dd: 100% ▕██████████████████▏ 1.2 GB                         [K
pulling a406579cd136: 100% ▕██████████████████▏ 1.1 KB                         [K
pulling 0c4c9c2a325f: 100% ▕██████████████████▏  337 B                         [K[?25h[?2026l[?2026h[?25l[A[A[A[1Gpulling manifest [K
pulling daec91ffb5dd: 100% ▕██████████████████▏ 1.2 GB                         [K
pulling a406579cd136: 100% ▕██████████████████▏ 1.1 KB                         [K
pulling 0c4c9c2a325f: 100% ▕██████████████████▏  337 B                         [K[?25h[?2026l[?2026h[?25l[A[A[A[1Gpulling manifest [K
pulling daec91ffb5dd: 100% ▕██████████████████▏ 1.2 GB                         [K
pulling a406579cd136: 100% ▕██████████████████▏ 1.1 KB                         [K
pulling 0c4c9c2a325f: 100% ▕██████████████████▏  337 B                         [K[?25h[?2026l[?2026h[?25l[A[A[A[1Gpulling manifest [K
pulling daec91ffb5dd: 100% ▕██████████████████▏ 1.2 GB                         [K
pulling a406579cd136: 100% ▕██████████████████▏ 1.1 KB                         [K
pulling 0c4c9c2a325f: 100% ▕██████████████████▏  337 B                         [K[?25h[?2026l[?2026h[?25l[A[A[A[1Gpulling manifest [K
pulling daec91ffb5dd: 100% ▕██████████████████▏ 1.2 GB                         [K
pulling a406579cd136: 100% ▕██████████████████▏ 1.1 KB                         [K
pulling 0c4c9c2a325f: 100% ▕██████████████████▏  337 B                         [K[?25h[?2026l[?2026h[?25l[A[A[A[1Gpulling manifest [K
pulling daec91ffb5dd: 100% ▕██████████████████▏ 1.2 GB                         [K
pulling a406579cd136: 100% ▕██████████████████▏ 1.1 KB                         [K
pulling 0c4c9c2a325f: 100% ▕██████████████████▏  337 B                         [K
verifying sha256 digest ⠋ [K[?25h[?2026l[?2026h[?25l[A[A[A[A[1Gpulling manifest [K
pulling daec91ffb5dd: 100% ▕██████████████████▏ 1.2 GB                         [K
pulling a406579cd136: 100% ▕██████████████████▏ 1.1 KB                         [K
pulling 0c4c9c2a325f: 100% ▕██████████████████▏  337 B                         [K
verifying sha256 digest ⠙ [K[?25h[?2026l[?2026h[?25l[A[A[A[A[1Gpulling manifest [K
pulling daec91ffb5dd: 100% ▕██████████████████▏ 1.2 GB                         [K
pulling a406579cd136: 100% ▕██████████████████▏ 1.1 KB                         [K
pulling 0c4c9c2a325f: 100% ▕██████████████████▏  337 B                         [K
verifying sha256 digest ⠹ [K[?25h[?2026l[?2026h[?25l[A[A[A[A[1Gpulling manifest [K
pulling daec91ffb5dd: 100% ▕██████████████████▏ 1.2 GB                         [K
pulling a406579cd136: 100% ▕██████████████████▏ 1.1 KB                         [K
pulling 0c4c9c2a325f: 100% ▕██████████████████▏  337 B                         [K
verifying sha256 digest ⠸ [K[?25h[?2026l[?2026h[?25l[A[A[A[A[1Gpulling manifest [K
pulling daec91ffb5dd: 100% ▕██████████████████▏ 1.2 GB                         [K
pulling a406579cd136: 100% ▕██████████████████▏ 1.1 KB                         [K
pulling 0c4c9c2a325f: 100% ▕██████████████████▏  337 B                         [K
verifying sha256 digest ⠼ [K[?25h[?2026l[?2026h[?25l[A[A[A[A[1Gpulling manifest [K
pulling daec91ffb5dd: 100% ▕██████████████████▏ 1.2 GB                         [K
pulling a406579cd136: 100% ▕██████████████████▏ 1.1 KB                         [K
pulling 0c4c9c2a325f: 100% ▕██████████████████▏  337 B                         [K
verifying sha256 digest ⠴ [K[?25h[?2026l[?2026h[?25l[A[A[A[A[1Gpulling manifest [K
pulling daec91ffb5dd: 100% ▕██████████████████▏ 1.2 GB                         [K
pulling a406579cd136: 100% ▕██████████████████▏ 1.1 KB                         [K
pulling 0c4c9c2a325f: 100% ▕██████████████████▏  337 B                         [K
verifying sha256 digest ⠦ [K[?25h[?2026l[?2026h[?25l[A[A[A[A[1Gpulling manifest [K
pulling daec91ffb5dd: 100% ▕██████████████████▏ 1.2 GB                         [K
pulling a406579cd136: 100% ▕██████████████████▏ 1.1 KB                         [K
pulling 0c4c9c2a325f: 100% ▕██████████████████▏  337 B                         [K
verifying sha256 digest ⠧ [K[?25h[?2026l[?2026h[?25l[A[A[A[A[1Gpulling manifest [K
pulling daec91ffb5dd: 100% ▕██████████████████▏ 1.2 GB                         [K
pulling a406579cd136: 100% ▕██████████████████▏ 1.1 KB                         [K
pulling 0c4c9c2a325f: 100% ▕██████████████████▏  337 B                         [K
verifying sha256 digest [K
writing manifest [K
success [K[?25h[?2026l
