[?2026h[?25l[1Gpulling manifest ⠋ [K[?25h[?2026l[?2026h[?25l[1Gpulling manifest ⠙ [K[?25h[?2026l[?2026h[?25l[1Gpulling manifest ⠸ [K[?25h[?2026l[?2026h[?25l[1Gpulling manifest ⠸ [K[?25h[?2026l[?2026h[?25l[1Gpulling manifest ⠼ [K[?25h[?2026l[?2026h[?25l[1Gpulling manifest ⠦ [K[?25h[?2026l[?2026h[?25l[1Gpulling manifest ⠦ [K[?25h[?2026l[?2026h[?25l[1Gpulling manifest ⠇ [K[?25h[?2026l[?2026h[?25l[1Gpulling manifest ⠇ [K[?25h[?2026l[?2026h[?25l[1Gpulling manifest ⠏ [K[?25h[?2026l[?2026h[?25l[1Gpulling manifest ⠙ [K[?25h[?2026l[?2026h[?25l[1Gpulling manifest ⠙ [K[?25h[?2026l[?2026h[?25l[1Gpulling manifest ⠹ [K[?25h[?2026l[?2026h[?25l[1Gpulling manifest ⠸ [K[?25h[?2026l[?2026h[?25l[1Gpulling manifest ⠼ [K[?25h[?2026l[?2026h[?25l[1Gpulling manifest ⠦ [K[?25h[?2026l[?2026h[?25l[1Gpulling manifest ⠦ [K[?25h[?2026l[?2026h[?25l[1Gpulling manifest ⠧ [K[?25h[?2026l[?2026h[?25l[1Gpulling manifest ⠇ [K[?25h[?2026l[?2026h[?25l[1Gpulling manifest ⠏ [K[?25h[?2026l[?2026h[?25l[1Gpulling manifest ⠋ [K[?25h[?2026l[?2026h[?25l[1Gpulling manifest ⠹ [K[?25h[?2026l[?2026h[?25l[1Gpulling manifest ⠹ [K[?25h[?2026l[?2026h[?25l[1Gpulling manifest ⠸ [K[?25h[?2026l[?2026h[?25l[1Gpulling manifest ⠴ [K[?25h[?2026l[?2026h[?25l[1Gpulling manifest ⠴ [K[?25h[?2026l[?2026h[?25l[1Gpulling manifest ⠦ [K[?25h[?2026l[?2026h[?25l[1Gpulling manifest ⠧ [K[?25h[?2026l[?2026h[?25l[1Gpulling manifest ⠇ [K[?25h[?2026l[?2026h[?25l[1Gpulling manifest [K
pulling 970aa74c0a90:   0% ▕                  ▏ 194 KB/274 MB                  [K[?25h[?2026l[?2026h[?25l[A[1Gpulling manifest [K
pulling 970aa74c0a90:   0% ▕                  ▏ 463 KB/274 MB                  [K[?25h[?2026l[?2026h[?25l[A[1Gpulling manifest [K
pulling 970aa74c0a90:   1% ▕                  ▏ 2.8 MB/274 MB                  [K[?25h[?2026l[?2026h[?25l[A[1Gpulling manifest [K
pulling 970aa74c0a90:   4% ▕                  ▏  10 MB/274 MB                  [K[?25h[?2026l[?2026h[?25l[A[1Gpulling manifest [K
pulling 970aa74c0a90:   4% ▕                  ▏  10 MB/274 MB                  [K[?25h[?2026l[?2026h[?25l[A[1Gpulling manifest [K
pulling 970aa74c0a90:   7% ▕█                 ▏  17 MB/274 MB                  [K[?25h[?2026l[?2026h[?25l[A[1Gpulling manifest [K
pulling 970aa74c0a90:   7% ▕█                 ▏  20 MB/274 MB                  [K[?25h[?2026l[?2026h[?25l[A[1Gpulling manifest [K
pulling 970aa74c0a90:  10% ▕█                 ▏  26 MB/274 MB                  [K[?25h[?2026l[?2026h[?25l[A[1Gpulling manifest [K
pulling 970aa74c0a90:  17% ▕██                ▏  45 MB/274 MB                  [K[?25h[?2026l[?2026h[?25l[A[1Gpulling manifest [K
pulling 970aa74c0a90:  26% ▕████              ▏  71 MB/274 MB                  [K[?25h[?2026l[?2026h[?25l[A[1Gpulling manifest [K
pulling 970aa74c0a90:  27% ▕████              ▏  73 MB/274 MB                  [K[?25h[?2026l[?2026h[?25l[A[1Gpulling manifest [K
pulling 970aa74c0a90:  28% ▕████              ▏  75 MB/274 MB   73 MB/s      2s[K[?25h[?2026l[?2026h[?25l[A[1Gpulling manifest [K
pulling 970aa74c0a90:  32% ▕█████             ▏  87 MB/274 MB   73 MB/s      2s[K[?25h[?2026l[?2026h[?25l[A[1Gpulling manifest [K
pulling 970aa74c0a90:  33% ▕██████            ▏  91 MB/274 MB   73 MB/s      2s[K[?25h[?2026l[?2026h[?25l[A[1Gpulling manifest [K
pulling 970aa74c0a90:  40% ▕███████           ▏ 110 MB/274 MB   73 MB/s      2s[K[?25h[?2026l[?2026h[?25l[A[1Gpulling manifest [K
pulling 970aa74c0a90:  48% ▕████████          ▏ 132 MB/274 MB   73 MB/s      1s[K[?25h[?2026l[?2026h[?25l[A[1Gpulling manifest [K
pulling 970aa74c0a90:  50% ▕████████          ▏ 136 MB/274 MB   73 MB/s      1s[K[?25h[?2026l[?2026h[?25l[A[1Gpulling manifest [K
pulling 970aa74c0a90:  54% ▕█████████         ▏ 147 MB/274 MB   73 MB/s      1s[K[?25h[?2026l[?2026h[?25l[A[1Gpulling manifest [K
pulling 970aa74c0a90:  60% ▕██████████        ▏ 164 MB/274 MB   73 MB/s      1s[K[?25h[?2026l[?2026h[?25l[A[1Gpulling manifest [K
pulling 970aa74c0a90:  64% ▕███████████       ▏ 175 MB/274 MB   73 MB/s      1s[K[?25h[?2026l[?2026h[?25l[A[1Gpulling manifest [K
pulling 970aa74c0a90:  68% ▕████████████      ▏ 187 MB/274 MB   73 MB/s      1s[K[?25h[?2026l[?2026h[?25l[A[1Gpulling manifest [K
pulling 970aa74c0a90:  73% ▕█████████████     ▏ 199 MB/274 MB   97 MB/s      0s[K[?25h[?2026l[?2026h[?25l[A[1Gpulling manifest [K
pulling 970aa74c0a90:  76% ▕█████████████     ▏ 209 MB/274 MB   97 MB/s      0s[K[?25h[?2026l[?2026h[?25l[A[1Gpulling manifest [K
pulling 970aa74c0a90:  82% ▕██████████████    ▏ 225 MB/274 MB   97 MB/s      0s[K[?25h[?2026l[?2026h[?25l[A[1Gpulling manifest [K
pulling 970aa74c0a90:  88% ▕███████████████   ▏ 242 MB/274 MB   97 MB/s      0s[K[?25h[?2026l[?2026h[?25l[A[1Gpulling manifest [K
pulling 970aa74c0a90:  92% ▕████████████████  ▏ 251 MB/274 MB   97 MB/s      0s[K[?25h[?2026l[?2026h[?25l[A[1Gpulling manifest [K
pulling 970aa74c0a90:  94% ▕████████████████  ▏ 259 MB/274 MB   97 MB/s      0s[K[?25h[?2026l[?2026h[?25l[A[1Gpulling manifest [K
pulling 970aa74c0a90:  96% ▕█████████████████ ▏ 262 MB/274 MB   97 MB/s      0s[K[?25h[?2026l[?2026h[?25l[A[1Gpulling manifest [K
pulling 970aa74c0a90:  96% ▕█████████████████ ▏ 264 MB/274 MB   97 MB/s      0s[K[?25h[?2026l[?2026h[?25l[A[1Gpulling manifest [K
pulling 970aa74c0a90:  97% ▕█████████████████ ▏ 267 MB/274 MB   97 MB/s      0s[K[?25h[?2026l[?2026h[?25l[A[1Gpulling manifest [K
pulling 970aa74c0a90:  99% ▕█████████████████ ▏ 270 MB/274 MB   97 MB/s      0s[K[?25h[?2026l[?2026h[?25l[A[1Gpulling manifest [K
pulling 970aa74c0a90:  99% ▕█████████████████ ▏ 272 MB/274 MB   90 MB/s      0s[K[?25h[?2026l[?2026h[?25l[A[1Gpulling manifest [K
pulling 970aa74c0a90: 100% ▕██████████████████▏ 274 MB                         [K[?25h[?2026l[?2026h[?25l[A[1Gpulling manifest [K
pulling 970aa74c0a90: 100% ▕██████████████████▏ 274 MB                         [K[?25h[?2026l[?2026h[?25l[A[1Gpulling manifest [K
pulling 970aa74c0a90: 100% ▕██████████████████▏ 274 MB                         [K[?25h[?2026l[?2026h[?25l[A[1Gpulling manifest [K
pulling 970aa74c0a90: 100% ▕██████████████████▏ 274 MB                         [K[?25h[?2026l[?2026h[?25l[A[1Gpulling manifest [K
pulling 970aa74c0a90: 100% ▕██████████████████▏ 274 MB                         [K[?25h[?2026l[?2026h[?25l[A[1Gpulling manifest [K
pulling 970aa74c0a90: 100% ▕██████████████████▏ 274 MB                         [K[?25h[?2026l[?2026h[?25l[A[1Gpulling manifest [K
pulling 970aa74c0a90: 100% ▕██████████████████▏ 274 MB                         [K[?25h[?2026l[?2026h[?25l[A[1Gpulling manifest [K
pulling 970aa74c0a90: 100% ▕██████████████████▏ 274 MB                         [K[?25h[?2026l[?2026h[?25l[A[1Gpulling manifest [K
pulling 970aa74c0a90: 100% ▕██████████████████▏ 274 MB                         [K[?25h[?2026l[?2026h[?25l[A[1Gpulling manifest [K
pulling 970aa74c0a90: 100% ▕██████████████████▏ 274 MB                         [K
pulling c71d239df917: 100% ▕██████████████████▏  11 KB                         [K[?25h[?2026l[?2026h[?25l[A[A[1Gpulling manifest [K
pulling 970aa74c0a90: 100% ▕██████████████████▏ 274 MB                         [K
pulling c71d239df917: 100% ▕██████████████████▏  11 KB                         [K[?25h[?2026l[?2026h[?25l[A[A[1Gpulling manifest [K
pulling 970aa74c0a90: 100% ▕██████████████████▏ 274 MB                         [K
pulling c71d239df917: 100% ▕██████████████████▏  11 KB                         [K[?25h[?2026l[?2026h[?25l[A[A[1Gpulling manifest [K
pulling 970aa74c0a90: 100% ▕██████████████████▏ 274 MB                         [K
pulling c71d239df917: 100% ▕██████████████████▏  11 KB                         [K[?25h[?2026l[?2026h[?25l[A[A[1Gpulling manifest [K
pulling 970aa74c0a90: 100% ▕██████████████████▏ 274 MB                         [K
pulling c71d239df917: 100% ▕██████████████████▏  11 KB                         [K[?25h[?2026l[?2026h[?25l[A[A[1Gpulling manifest [K
pulling 970aa74c0a90: 100% ▕██████████████████▏ 274 MB                         [K
pulling c71d239df917: 100% ▕██████████████████▏  11 KB                         [K[?25h[?2026l[?2026h[?25l[A[A[1Gpulling manifest [K
pulling 970aa74c0a90: 100% ▕██████████████████▏ 274 MB                         [K
pulling c71d239df917: 100% ▕██████████████████▏  11 KB                         [K[?25h[?2026l[?2026h[?25l[A[A[1Gpulling manifest [K
pulling 970aa74c0a90: 100% ▕██████████████████▏ 274 MB                         [K
pulling c71d239df917: 100% ▕██████████████████▏  11 KB                         [K[?25h[?2026l[?2026h[?25l[A[A[1Gpulling manifest [K
pulling 970aa74c0a90: 100% ▕██████████████████▏ 274 MB                         [K
pulling c71d239df917: 100% ▕██████████████████▏  11 KB                         [K[?25h[?2026l[?2026h[?25l[A[A[1Gpulling manifest [K
pulling 970aa74c0a90: 100% ▕██████████████████▏ 274 MB                         [K
pulling c71d239df917: 100% ▕██████████████████▏  11 KB                         [K[?25h[?2026l[?2026h[?25l[A[A[1Gpulling manifest [K
pulling 970aa74c0a90: 100% ▕██████████████████▏ 274 MB                         [K
pulling c71d239df917: 100% ▕██████████████████▏  11 KB                         [K[?25h[?2026l[?2026h[?25l[A[A[1Gpulling manifest [K
pulling 970aa74c0a90: 100% ▕██████████████████▏ 274 MB                         [K
pulling c71d239df917: 100% ▕██████████████████▏  11 KB                         [K[?25h[?2026l[?2026h[?25l[A[A[1Gpulling manifest [K
pulling 970aa74c0a90: 100% ▕██████████████████▏ 274 MB                         [K
pulling c71d239df917: 100% ▕██████████████████▏  11 KB                         [K[?25h[?2026l[?2026h[?25l[A[A[1Gpulling manifest [K
pulling 970aa74c0a90: 100% ▕██████████████████▏ 274 MB                         [K
pulling c71d239df917: 100% ▕██████████████████▏  11 KB                         [K[?25h[?2026l[?2026h[?25l[A[A[1Gpulling manifest [K
pulling 970aa74c0a90: 100% ▕██████████████████▏ 274 MB                         [K
pulling c71d239df917: 100% ▕██████████████████▏  11 KB                         [K[?25h[?2026l[?2026h[?25l[A[A[1Gpulling manifest [K
pulling 970aa74c0a90: 100% ▕██████████████████▏ 274 MB                         [K
pulling c71d239df917: 100% ▕██████████████████▏  11 KB                         [K[?25h[?2026l[?2026h[?25l[A[A[1Gpulling manifest [K
pulling 970aa74c0a90: 100% ▕██████████████████▏ 274 MB                         [K
pulling c71d239df917: 100% ▕██████████████████▏  11 KB                         [K[?25h[?2026l[?2026h[?25l[A[A[1Gpulling manifest [K
pulling 970aa74c0a90: 100% ▕██████████████████▏ 274 MB                         [K
pulling c71d239df917: 100% ▕██████████████████▏  11 KB                         [K
pulling ce4a164fc046: 100% ▕██████████████████▏   17 B                         [K[?25h[?2026l[?2026h[?25l[A[A[A[1Gpulling manifest [K
pulling 970aa74c0a90: 100% ▕██████████████████▏ 274 MB                         [K
pulling c71d239df917: 100% ▕██████████████████▏  11 KB                         [K
pulling ce4a164fc046: 100% ▕██████████████████▏   17 B                         [K[?25h[?2026l[?2026h[?25l[A[A[A[1Gpulling manifest [K
pulling 970aa74c0a90: 100% ▕██████████████████▏ 274 MB                         [K
pulling c71d239df917: 100% ▕██████████████████▏  11 KB                         [K
pulling ce4a164fc046: 100% ▕██████████████████▏   17 B                         [K[?25h[?2026l[?2026h[?25l[A[A[A[1Gpulling manifest [K
pulling 970aa74c0a90: 100% ▕██████████████████▏ 274 MB                         [K
pulling c71d239df917: 100% ▕██████████████████▏  11 KB                         [K
pulling ce4a164fc046: 100% ▕██████████████████▏   17 B                         [K[?25h[?2026l[?2026h[?25l[A[A[A[1Gpulling manifest [K
pulling 970aa74c0a90: 100% ▕██████████████████▏ 274 MB                         [K
pulling c71d239df917: 100% ▕██████████████████▏  11 KB                         [K
pulling ce4a164fc046: 100% ▕██████████████████▏   17 B                         [K[?25h[?2026l[?2026h[?25l[A[A[A[1Gpulling manifest [K
pulling 970aa74c0a90: 100% ▕██████████████████▏ 274 MB                         [K
pulling c71d239df917: 100% ▕██████████████████▏  11 KB                         [K
pulling ce4a164fc046: 100% ▕██████████████████▏   17 B                         [K[?25h[?2026l[?2026h[?25l[A[A[A[1Gpulling manifest [K
pulling 970aa74c0a90: 100% ▕██████████████████▏ 274 MB                         [K
pulling c71d239df917: 100% ▕██████████████████▏  11 KB                         [K
pulling ce4a164fc046: 100% ▕██████████████████▏   17 B                         [K[?25h[?2026l[?2026h[?25l[A[A[A[1Gpulling manifest [K
pulling 970aa74c0a90: 100% ▕██████████████████▏ 274 MB                         [K
pulling c71d239df917: 100% ▕██████████████████▏  11 KB                         [K
pulling ce4a164fc046: 100% ▕██████████████████▏   17 B                         [K[?25h[?2026l[?2026h[?25l[A[A[A[1Gpulling manifest [K
pulling 970aa74c0a90: 100% ▕██████████████████▏ 274 MB                         [K
pulling c71d239df917: 100% ▕██████████████████▏  11 KB                         [K
pulling ce4a164fc046: 100% ▕██████████████████▏   17 B                         [K[?25h[?2026l[?2026h[?25l[A[A[A[1Gpulling manifest [K
pulling 970aa74c0a90: 100% ▕██████████████████▏ 274 MB                         [K
pulling c71d239df917: 100% ▕██████████████████▏  11 KB                         [K
pulling ce4a164fc046: 100% ▕██████████████████▏   17 B                         [K[?25h[?2026l[?2026h[?25l[A[A[A[1Gpulling manifest [K
pulling 970aa74c0a90: 100% ▕██████████████████▏ 274 MB                         [K
pulling c71d239df917: 100% ▕██████████████████▏  11 KB                         [K
pulling ce4a164fc046: 100% ▕██████████████████▏   17 B                         [K[?25h[?2026l[?2026h[?25l[A[A[A[1Gpulling manifest [K
pulling 970aa74c0a90: 100% ▕██████████████████▏ 274 MB                         [K
pulling c71d239df917: 100% ▕██████████████████▏  11 KB                         [K
pulling ce4a164fc046: 100% ▕██████████████████▏   17 B                         [K[?25h[?2026l[?2026h[?25l[A[A[A[1Gpulling manifest [K
pulling 970aa74c0a90: 100% ▕██████████████████▏ 274 MB                         [K
pulling c71d239df917: 100% ▕██████████████████▏  11 KB                         [K
pulling ce4a164fc046: 100% ▕██████████████████▏   17 B                         [K[?25h[?2026l[?2026h[?25l[A[A[A[1Gpulling manifest [K
pulling 970aa74c0a90: 100% ▕██████████████████▏ 274 MB                         [K
pulling c71d239df917: 100% ▕██████████████████▏  11 KB                         [K
pulling ce4a164fc046: 100% ▕██████████████████▏   17 B                         [K[?25h[?2026l[?2026h[?25l[A[A[A[1Gpulling manifest [K
pulling 970aa74c0a90: 100% ▕██████████████████▏ 274 MB                         [K
pulling c71d239df917: 100% ▕██████████████████▏  11 KB                         [K
pulling ce4a164fc046: 100% ▕██████████████████▏   17 B                         [K[?25h[?2026l[?2026h[?25l[A[A[A[1Gpulling manifest [K
pulling 970aa74c0a90: 100% ▕██████████████████▏ 274 MB                         [K
pulling c71d239df917: 100% ▕██████████████████▏  11 KB                         [K
pulling ce4a164fc046: 100% ▕██████████████████▏   17 B                         [K[?25h[?2026l[?2026h[?25l[A[A[A[1Gpulling manifest [K
pulling 970aa74c0a90: 100% ▕██████████████████▏ 274 MB                         [K
pulling c71d239df917: 100% ▕██████████████████▏  11 KB                         [K
pulling ce4a164fc046: 100% ▕██████████████████▏   17 B                         [K
pulling 31df23ea7daa: 100% ▕██████████████████▏  420 B                         [K[?25h[?2026l[?2026h[?25l[A[A[A[A[1Gpulling manifest [K
pulling 970aa74c0a90: 100% ▕██████████████████▏ 274 MB                         [K
pulling c71d239df917: 100% ▕██████████████████▏  11 KB                         [K
pulling ce4a164fc046: 100% ▕██████████████████▏   17 B                         [K
pulling 31df23ea7daa: 100% ▕██████████████████▏  420 B                         [K[?25h[?2026l[?2026h[?25l[A[A[A[A[1Gpulling manifest [K
pulling 970aa74c0a90: 100% ▕██████████████████▏ 274 MB                         [K
pulling c71d239df917: 100% ▕██████████████████▏  11 KB                         [K
pulling ce4a164fc046: 100% ▕██████████████████▏   17 B                         [K
pulling 31df23ea7daa: 100% ▕██████████████████▏  420 B                         [K[?25h[?2026l[?2026h[?25l[A[A[A[A[1Gpulling manifest [K
pulling 970aa74c0a90: 100% ▕██████████████████▏ 274 MB                         [K
pulling c71d239df917: 100% ▕██████████████████▏  11 KB                         [K
pulling ce4a164fc046: 100% ▕██████████████████▏   17 B                         [K
pulling 31df23ea7daa: 100% ▕██████████████████▏  420 B                         [K[?25h[?2026l[?2026h[?25l[A[A[A[A[1Gpulling manifest [K
pulling 970aa74c0a90: 100% ▕██████████████████▏ 274 MB                         [K
pulling c71d239df917: 100% ▕██████████████████▏  11 KB                         [K
pulling ce4a164fc046: 100% ▕██████████████████▏   17 B                         [K
pulling 31df23ea7daa: 100% ▕██████████████████▏  420 B                         [K[?25h[?2026l[?2026h[?25l[A[A[A[A[1Gpulling manifest [K
pulling 970aa74c0a90: 100% ▕██████████████████▏ 274 MB                         [K
pulling c71d239df917: 100% ▕██████████████████▏  11 KB                         [K
pulling ce4a164fc046: 100% ▕██████████████████▏   17 B                         [K
pulling 31df23ea7daa: 100% ▕██████████████████▏  420 B                         [K[?25h[?2026l[?2026h[?25l[A[A[A[A[1Gpulling manifest [K
pulling 970aa74c0a90: 100% ▕██████████████████▏ 274 MB                         [K
pulling c71d239df917: 100% ▕██████████████████▏  11 KB                         [K
pulling ce4a164fc046: 100% ▕██████████████████▏   17 B                         [K
pulling 31df23ea7daa: 100% ▕██████████████████▏  420 B                         [K[?25h[?2026l[?2026h[?25l[A[A[A[A[1Gpulling manifest [K
pulling 970aa74c0a90: 100% ▕██████████████████▏ 274 MB                         [K
pulling c71d239df917: 100% ▕██████████████████▏  11 KB                         [K
pulling ce4a164fc046: 100% ▕██████████████████▏   17 B                         [K
pulling 31df23ea7daa: 100% ▕██████████████████▏  420 B                         [K
verifying sha256 digest ⠋ [K[?25h[?2026l[?2026h[?25l[A[A[A[A[A[1Gpulling manifest [K
pulling 970aa74c0a90: 100% ▕██████████████████▏ 274 MB                         [K
pulling c71d239df917: 100% ▕██████████████████▏  11 KB                         [K
pulling ce4a164fc046: 100% ▕██████████████████▏   17 B                         [K
pulling 31df23ea7daa: 100% ▕██████████████████▏  420 B                         [K
verifying sha256 digest ⠙ [K[?25h[?2026l[?2026h[?25l[A[A[A[A[A[1Gpulling manifest [K
pulling 970aa74c0a90: 100% ▕██████████████████▏ 274 MB                         [K
pulling c71d239df917: 100% ▕██████████████████▏  11 KB                         [K
pulling ce4a164fc046: 100% ▕██████████████████▏   17 B                         [K
pulling 31df23ea7daa: 100% ▕██████████████████▏  420 B                         [K
verifying sha256 digest [K
writing manifest [K
success [K[?25h[?2026l
